// Jest Snapshot v1, https://goo.gl/fbAQLP

exports[`renders correctly 1`] = `
<div
  className="calcContainer"
>
  <div
    className="calc"
  >
    <span
      className="output"
    >
      0
    </span>
    <div
      className="horizontalBtn"
    >
      <div
        className="verticalBtn"
      >
        <button
          className="btnGray"
          onClick={[Function]}
          type="button"
        >
          AC
        </button>
        <button
          className="btnGray"
          onClick={[Function]}
          type="button"
        >
          7
        </button>
        <button
          className="btnGray"
          onClick={[Function]}
          type="button"
        >
          4
        </button>
        <button
          className="btnGray"
          onClick={[Function]}
          type="button"
        >
          1
        </button>
      </div>
      <div
        className="verticalBtn"
      >
        <button
          className="btnGray"
          onClick={[Function]}
          type="button"
        >
          +/-
        </button>
        <button
          className="btnGray"
          onClick={[Function]}
          type="button"
        >
          8
        </button>
        <button
          className="btnGray"
          onClick={[Function]}
          type="button"
        >
          5
        </button>
        <button
          className="btnGray"
          onClick={[Function]}
          type="button"
        >
          2
        </button>
      </div>
      <div
        className="verticalBtn"
      >
        <button
          className="btnGray"
          onClick={[Function]}
          type="button"
        >
          %
        </button>
        <button
          className="btnGray"
          onClick={[Function]}
          type="button"
        >
          9
        </button>
        <button
          className="btnGray"
          onClick={[Function]}
          type="button"
        >
          6
        </button>
        <button
          className="btnGray"
          onClick={[Function]}
          type="button"
        >
          3
        </button>
      </div>
      <div
        className="verticalBtn"
      >
        <button
          className="btnOrange"
          onClick={[Function]}
          type="button"
        >
          รท
        </button>
        <button
          className="btnOrange"
          onClick={[Function]}
          type="button"
        >
          x
        </button>
        <button
          className="btnOrange"
          onClick={[Function]}
          type="button"
        >
          -
        </button>
        <button
          className="btnOrange"
          onClick={[Function]}
          type="button"
        >
          +
        </button>
      </div>
    </div>
    <div
      className="lastRow"
    >
      <button
        className="btnGray zero"
        onClick={[Function]}
        type="button"
      >
        0
      </button>
      <button
        className="btnGray"
        onClick={[Function]}
        type="button"
      >
        .
      </button>
      <button
        className="btnOrange"
        onClick={[Function]}
        type="button"
      >
        =
      </button>
    </div>
  </div>
</div>
`;
