// Jest Snapshot v1, https://goo.gl/fbAQLP

exports[`renders correctly 1`] = `
<div
  className="QuoteContainer"
>
  <h2>
    Mathematics is not about numbers, equations, computations, or algorithms: it is about understanding. -William Paul Thurston
  </h2>
</div>
`;
