// Jest Snapshot v1, https://goo.gl/fbAQLP

exports[`renders correctly 1`] = `
<div>
  <div
    className="NavContainer"
  >
    <h2>
      Math Magicians
    </h2>
    <ul
      className="Links"
    >
      <a
        aria-current="page"
        className="active"
        href="/"
        onClick={[Function]}
      >
        Home
      </a>
      <li>
        |
      </li>
      <a
        className=""
        href="/calculator"
        onClick={[Function]}
      >
        Calculator
      </a>
      <li>
        |
      </li>
      <a
        className=""
        href="/quote"
        onClick={[Function]}
      >
        Quote
      </a>
    </ul>
  </div>
  <div>
    <h2>
      Welcome to our page!
    </h2>
    <p>
      Ut occaecat incididunt fugiat eiusmod est dolor esse. Minim nisi anim commodo exercitation esse culpa voluptate sunt ullamco reprehenderit. Elit mollit aliquip non sit ut minim eu aute Lorem est in id. Enim tempor enim eu mollit eiusmod ad quis ad eu.
    </p>
    <p>
      Et fugiat ipsum sunt sint commodo pariatur ex laboris officia cillum fugiat nisi adipisicing. Reprehenderit id consectetur magna dolore minim dolor adipisicing anim ea ex pariatur sit esse. Aliqua officia culpa voluptate velit. Non in pariatur eu sit sit ex commodo labore laboris occaecat sint et nostrud.
    </p>
  </div>
</div>
`;
